Microchip MPLAB XC8 Compiler V2.31

Linker command line:

-W-3 --edf=D:\MPLAB XC8 compiler\pic\dat\en_msgs.txt -cn \
  -h+dist/default/production\Pic16f.X.production.sym \
  --cmf=dist/default/production\Pic16f.X.production.cmf -z -Q16F887 \
  -oC:\Users\quema\AppData\Local\Temp\sn0g.2 --defsym=__MPLAB_BUILD=1 \
  -Mdist/default/production/Pic16f.X.production.map -E1 -ver=XC8 Compiler \
  -ASTACK=0110h-016Fh -pstack=STACK -ACODE=00h-07FFhx4 -ASTRCODE=00h-01FFFh \
  -ASTRING=00h-0FFhx32 -ACONST=00h-0FFhx32 -AENTRY=00h-0FFhx32 \
  -ACOMMON=070h-07Fh -ABANK0=020h-06Fh -ABANK1=0A0h-0EFh \
  -ABANK2=0110h-016Fh -ABANK3=0190h-01EFh \
  -ARAM=020h-06Fh,0A0h-0EFh,0110h-016Fh,0190h-01EFh \
  -AABS1=020h-07Fh,0A0h-0EFh,0110h-016Fh,0190h-01EFh -ASFR0=00h-01Fh \
  -ASFR1=080h-09Fh -ASFR2=0100h-010Fh -ASFR3=0180h-018Fh \
  -ACONFIG=02007h-02008h -DCONFIG=2 -AIDLOC=02000h-02003h -DIDLOC=2 \
  -AEEDATA=00h-0FFh/02100h -peeprom_data=EEDATA -DEEDATA=2 -DCODE=2 \
  -DSTRCODE=2 -DSTRING=2 -DCONST=2 -DENTRY=2 \
  -preset_vec=00h,intentry=04h,init,end_init -ppowerup=CODE -pcinit=CODE \
  -pfunctab=ENTRY -k C:\Users\quema\AppData\Local\Temp\sn0g.o \
  dist/default/production\Pic16f.X.production.o 

Object code version is 3.11

Machine type is 16F887



                Name                               Link     Load   Length Selector   Space Scale
C:\Users\quema\AppData\Local\Temp\sn0g.o
                end_init                              C        C        3        8       0
                reset_vec                             0        0        3        0       0
                config                             2007     2007        2        0       4
dist/default/production\Pic16f.X.production.o
                cinit                                 F        F       28        8       0
                functab                              37       37        6       6E       0
                intentry                              4        4        8        8       0
                text1_split_1                        3D       3D      614       7A       0
                config                             2007     2007        2        0       4
                text30                             1EE5     1EE5        8     3DCA       0
                text29                             1F52     1F52       16     3EA4       0
                text28                             1237     1237       68     246E       0
                text27                             1FC6     1FC6       3A     3F8C       0
                text26                             149D     149D       9D     293A       0
                text25                             15F7     15F7       DC     2BEE       0
                text24                             1EFF     1EFF        C     3DFE       0
                text23                             1F7F     1F7F       22     3EFE       0
                text22                             1F2C     1F2C       13     3E58       0
                text21                             10CA     10CA       3A     2194       0
                text20                             1EF5     1EF5        A     3DEA       0
                text19                             1308     1308       82     2610       0
                text18                              911      911      136     1222       0
                text17                             1FA1     1FA1       25     3F42       0
                text16                             1411     1411       8C     2822       0
                text15                             1186     1186       56     230C       0
                text14                             1097     1097       33     212E       0
                text13                              801      801       2B     1002       0
                text12                             16D3     16D3      12D     2DA6       0
                text11                             153A     153A       BD     2A74       0
                text10                             1F68     1F68       17     3ED0       0
                text9                               82C      82C       E5     1058       0
                text8                              1140     1140       46     2280       0
                text7                              1104     1104       3C     2208       0
                text6                               651      651      1A9       7A       0
                text5                              1F1A     1F1A       12     3E34       0
                text4                              129F     129F       69     253E       0
                text3                              11DC     11DC       5B     23B8       0
                text2                               A47      A47      2BB     148E       0
                text1                               D02      D02      2FE     1A04       0
                maintext                           138A     138A       87     2714       0
                cstackBANK0                          20       20       4D       20       1
                cstackCOMMON                         70       70        8       70       1
                cstackBANK1                          A0       A0       1E       A0       1
                clrtext                            1EED     1EED        8     3DDA       0
                inittext                           1F3F     1F3F       13     3E7E       0
                dataBANK1                            DB       DB        F       A0       1
                bssBANK1                             BE       BE       1D       A0       1
                bssBANK0                             6D       6D        1       20       1
                dataCOMMON                           78       78        2       70       1
                bssCOMMON                            7A       7A        1       70       1
                strings                            1000     1000       97     2000       0
                idataBANK1                         1F0B     1F0B        F     3E16       0
                idataCOMMON                         7FA      7FA        2       7A       0

TOTAL           Name                               Link     Load   Length     Space
        CLASS   STACK          

        CLASS   CODE           
                end_init                              C        C        3         0
                cinit                                 F        F       28         0
                intentry                              4        4        8         0
                reset_vec                             0        0        3         0
                text1_split_1                        3D       3D      614         0
                text30                             1EE5     1EE5        8         0
                text29                             1F52     1F52       16         0
                text28                             1237     1237       68         0
                text27                             1FC6     1FC6       3A         0
                text26                             149D     149D       9D         0
                text25                             15F7     15F7       DC         0
                text24                             1EFF     1EFF        C         0
                text23                             1F7F     1F7F       22         0
                text22                             1F2C     1F2C       13         0
                text21                             10CA     10CA       3A         0
                text20                             1EF5     1EF5        A         0
                text19                             1308     1308       82         0
                text18                              911      911      136         0
                text17                             1FA1     1FA1       25         0
                text16                             1411     1411       8C         0
                text15                             1186     1186       56         0
                text14                             1097     1097       33         0
                text13                              801      801       2B         0
                text12                             16D3     16D3      12D         0
                text11                             153A     153A       BD         0
                text10                             1F68     1F68       17         0
                text9                               82C      82C       E5         0
                text8                              1140     1140       46         0
                text7                              1104     1104       3C         0
                text6                               651      651      1A9         0
                text5                              1F1A     1F1A       12         0
                text4                              129F     129F       69         0
                text3                              11DC     11DC       5B         0
                text2                               A47      A47      2BB         0
                text1                               D02      D02      2FE         0
                maintext                           138A     138A       87         0
                clrtext                            1EED     1EED        8         0
                inittext                           1F3F     1F3F       13         0
                idataBANK1                         1F0B     1F0B        F         0
                idataCOMMON                         7FA      7FA        2         0

        CLASS   STRCODE        

        CLASS   STRING         
                strings                            1000     1000       97         0

        CLASS   CONST          

        CLASS   ENTRY          
                functab                              37       37        6         0

        CLASS   COMMON         
                cstackCOMMON                         70       70        8         1
                dataCOMMON                           78       78        2         1
                bssCOMMON                            7A       7A        1         1

        CLASS   BANK0          
                cstackBANK0                          20       20       4D         1
                bssBANK0                             6D       6D        1         1

        CLASS   BANK1          
                cstackBANK1                          A0       A0       1E         1
                dataBANK1                            DB       DB        F         1
                bssBANK1                             BE       BE       1D         1

        CLASS   BANK2          

        CLASS   BANK3          

        CLASS   RAM            

        CLASS   ABS1           
                abs_s1                               7E       7E        2         1

        CLASS   SFR0           

        CLASS   SFR1           

        CLASS   SFR2           

        CLASS   SFR3           

        CLASS   CONFIG         
                config                             2007     2007        2         4

        CLASS   IDLOC          

        CLASS   EEDATA         



SEGMENTS        Name                           Load    Length   Top    Selector   Space  Class     Delta

                reset_vec                      000000  000003  000003         0       0  CODE        2
                intentry                       000004  000033  000037         8       0  CODE        2
                cstackBANK0                    000020  00004E  00006E        20       1  BANK0       1
                functab                        000037  000006  00003D        6E       0  ENTRY       2
                cstackCOMMON                   000070  00000B  00007B        70       1  COMMON      1
                text1_split_1                  00003D  0007BF  0007FC        7A       0  CODE        2
                cstackBANK1                    0000A0  00004A  0000EA        A0       1  BANK1       1
                text13                         000801  00002B  00082C      1002       0  CODE        2
                text9                          00082C  0000E5  000911      1058       0  CODE        2
                text18                         000911  000136  000A47      1222       0  CODE        2
                text2                          000A47  0002BB  000D02      148E       0  CODE        2
                text1                          000D02  0002FE  001000      1A04       0  CODE        2
                strings                        001000  000097  001097      2000       0  STRING      2
                text14                         001097  000033  0010CA      212E       0  CODE        2
                text21                         0010CA  00003A  001104      2194       0  CODE        2
                text7                          001104  00003C  001140      2208       0  CODE        2
                text8                          001140  000046  001186      2280       0  CODE        2
                text15                         001186  000056  0011DC      230C       0  CODE        2
                text3                          0011DC  00005B  001237      23B8       0  CODE        2
                text28                         001237  000068  00129F      246E       0  CODE        2
                text4                          00129F  000069  001308      253E       0  CODE        2
                text19                         001308  000082  00138A      2610       0  CODE        2
                maintext                       00138A  000087  001411      2714       0  CODE        2
                text16                         001411  00008C  00149D      2822       0  CODE        2
                text26                         00149D  00009D  00153A      293A       0  CODE        2
                text11                         00153A  0000BD  0015F7      2A74       0  CODE        2
                text25                         0015F7  0000DC  0016D3      2BEE       0  CODE        2
                text12                         0016D3  00012D  001800      2DA6       0  CODE        2
                text30                         001EE5  000008  001EED      3DCA       0  CODE        2
                clrtext                        001EED  000008  001EF5      3DDA       0  CODE        2
                text20                         001EF5  00000A  001EFF      3DEA       0  CODE        2
                text24                         001EFF  00000C  001F0B      3DFE       0  CODE        2
                idataBANK1                     001F0B  00000F  001F1A      3E16       0  CODE        2
                text5                          001F1A  000012  001F2C      3E34       0  CODE        2
                text22                         001F2C  000013  001F3F      3E58       0  CODE        2
                inittext                       001F3F  000013  001F52      3E7E       0  CODE        2
                text29                         001F52  000016  001F68      3EA4       0  CODE        2
                text10                         001F68  000017  001F7F      3ED0       0  CODE        2
                text23                         001F7F  000022  001FA1      3EFE       0  CODE        2
                text17                         001FA1  000025  001FC6      3F42       0  CODE        2
                text27                         001FC6  00003A  002000      3F8C       0  CODE        2


UNUSED ADDRESS RANGES

        Name                Unused          Largest block    Delta
        BANK0            00006E-00006F                2           1
        BANK1            0000EA-0000EF                6           1
        BANK2            000110-00016F               60           1
        BANK3            000190-0001EF               60           1
        CODE             000003-000003                1           2
                         0007FC-000800                4
                         001800-001EE4              6E5
        COMMON           00007B-00007D                3           1
        CONST            000003-000003                1           2
                         0007FC-000800                4
                         001800-001EE4              100
        EEDATA           002100-0021FF              100           2
        ENTRY            000003-000003                1           2
                         0007FC-000800                4
                         001800-001EE4              100
        IDLOC            002000-002003                4           2
        RAM              00006E-00006F                2           1
                         0000EA-0000EF                6
                         000110-00016F               60
                         000190-0001EF               60
        SFR0             000000-00001F               20           1
        SFR1             000080-00009F               20           1
        SFR2             000100-00010F               10           1
        SFR3             000180-00018F               10           1
        STACK            000110-00016F               60           1
        STRCODE          000003-000003                1           2
                         0007FC-000800                5
                         001800-001EE4              6E5
        STRING           000003-000003                1           2
                         0007FC-000800                4
                         001800-001EE4              100

                                  Symbol Table

?___aldiv                    cstackBANK0  000020
?___awdiv                    cstackBANK0  000022
?___awmod                    cstackCOMMON 000073
?___ftadd                    cstackBANK0  00004F
?___ftmul                    cstackBANK0  00002F
?___ftneg                    cstackCOMMON 000073
?___ftpack                   cstackCOMMON 000073
?___ftsub                    cstackBANK0  00005C
?___fttol                    cstackBANK0  000048
?___lldiv                    cstackBANK0  000020
?___llmod                    cstackBANK0  000020
?___lltoft                   cstackBANK0  000023
?___lwdiv                    cstackBANK0  000021
?___lwmod                    cstackCOMMON 000073
?___wmul                     cstackCOMMON 000073
?__div_to_l_                 cstackBANK0  000020
?__tdiv_to_l_                cstackBANK0  000020
?_fround                     cstackBANK0  00003F
?_scale                      cstackBANK0  00003F
?_sprintf                    cstackBANK0  000062
I2C_Master_Init@c            cstackBANK0  00002D
USART_Init@baudrate          cstackBANK0  00002E
USART_Init@x                 cstackCOMMON 000074
Write_USART@a                cstackCOMMON 000073
Write_USART_String@a         cstackCOMMON 000075
Write_USART_String@i         cstackCOMMON 000076
_AHT10_address               dataCOMMON   000078
_ANSEL                       (abs)        000188
_ANSELH                      (abs)        000189
_BRGH                        (abs)        0004C2
_CREN                        (abs)        0000C4
_GIE                         (abs)        00005F
_I2C_Master_Init             text27       001FC6
_INTCONbits                  (abs)        00000B
_ISR                         text29       001F52
_LecturaUSART                bssCOMMON    00007A
_PEIE                        (abs)        00005E
_PIE1bits                    (abs)        00008C
_PIR1bits                    (abs)        00000C
_PORTB                       (abs)        000006
_RCIF                        (abs)        000065
_RCREG                       (abs)        00001A
_Read_USART                  text30       001EE5
_SPBRG                       (abs)        000099
_SPEN                        (abs)        0000C7
_SSPADD                      (abs)        000093
_SSPBUF                      (abs)        000013
_SSPCON                      (abs)        000014
_SSPCON2                     (abs)        000091
_SSPCON2bits                 (abs)        000091
_SSPIE                       (abs)        000463
_SSPIF                       (abs)        000063
_SSPSTAT                     (abs)        000094
_SYNC                        (abs)        0004C4
_TRISB                       (abs)        000086
_TRISC3                      (abs)        00043B
_TRISC4                      (abs)        00043C
_TRISC6                      (abs)        00043E
_TRISC7                      (abs)        00043F
_TRISCbits                   (abs)        000087
_TRMT                        (abs)        0004C1
_TXEN                        (abs)        0004C5
_TXREG                       (abs)        000019
_USART_Init                  text25       0015F7
_Write_USART                 text24       001EFF
_Write_USART_String          text23       001F7F
__Habs1                      abs1         00007A
__Hbank0                     bank0        00007A
__Hbank1                     bank1        00007A
__Hbank2                     bank2        00007A
__Hbank3                     bank3        00007A
__HbssBANK0                  bssBANK0     00007A
__HbssBANK1                  bssBANK1     00007A
__HbssCOMMON                 bssCOMMON    00007A
__Hcinit                     cinit        000037
__Hclrtext                   clrtext      00007A
__Hcode                      code         00007A
__Hcommon                    common       00007A
__Hconfig                    config       002009
__HcstackBANK0               cstackBANK0  00007A
__HcstackBANK1               cstackBANK1  00007A
__HcstackCOMMON              cstackCOMMON 00007A
__HdataBANK1                 dataBANK1    00007A
__HdataCOMMON                dataCOMMON   00007A
__Heeprom_data               eeprom_data  000000
__Hend_init                  end_init     00000F
__Hfunctab                   functab      00003D
__HidataBANK1                idataBANK1   00007A
__HidataCOMMON               idataCOMMON  00007A
__Hinit                      init         00000C
__Hinittext                  inittext     00007A
__Hintentry                  intentry     00000C
__Hmaintext                  maintext     00007A
__Hpowerup                   powerup      000000
__Hram                       ram          00007A
__Hreset_vec                 reset_vec    000003
__Hsfr0                      sfr0         00007A
__Hsfr1                      sfr1         00007A
__Hsfr2                      sfr2         00007A
__Hsfr3                      sfr3         00007A
__Hspace_0                   (abs)        002000
__Hspace_1                   (abs)        0000EA
__Hspace_2                   (abs)        000000
__Hspace_3                   (abs)        000000
__Hspace_4                   (abs)        004010
__Hstack                     stack        000000
__Hstrings                   strings      00007A
__Htext                      text         00007A
__Labs1                      abs1         00007A
__Lbank0                     bank0        00007A
__Lbank1                     bank1        00007A
__Lbank2                     bank2        00007A
__Lbank3                     bank3        00007A
__LbssBANK0                  bssBANK0     00007A
__LbssBANK1                  bssBANK1     00007A
__LbssCOMMON                 bssCOMMON    00007A
__Lcinit                     cinit        00000F
__Lclrtext                   clrtext      00007A
__Lcode                      code         00007A
__Lcommon                    common       00007A
__Lconfig                    config       000000
__LcstackBANK0               cstackBANK0  00007A
__LcstackBANK1               cstackBANK1  00007A
__LcstackCOMMON              cstackCOMMON 00007A
__LdataBANK1                 dataBANK1    00007A
__LdataCOMMON                dataCOMMON   00007A
__Leeprom_data               eeprom_data  000000
__Lend_init                  end_init     00000C
__Lfunctab                   functab      000037
__LidataBANK1                idataBANK1   00007A
__LidataCOMMON               idataCOMMON  00007A
__Linit                      init         00000C
__Linittext                  inittext     00007A
__Lintentry                  intentry     000004
__Lmaintext                  maintext     00007A
__Lpowerup                   powerup      000000
__Lram                       ram          00007A
__Lreset_vec                 reset_vec    000000
__Lsfr0                      sfr0         00007A
__Lsfr1                      sfr1         00007A
__Lsfr2                      sfr2         00007A
__Lsfr3                      sfr3         00007A
__Lspace_0                   (abs)        000000
__Lspace_1                   (abs)        000000
__Lspace_2                   (abs)        000000
__Lspace_3                   (abs)        000000
__Lspace_4                   (abs)        000000
__Lstack                     stack        000000
__Lstrings                   strings      00007A
__Ltext                      text         00007A
__S0                         (abs)        002000
__S1                         (abs)        0000EA
__S2                         (abs)        000000
__S3                         (abs)        000000
___aldiv                     text26       00149D
___aldiv@counter             cstackBANK0  000028
___aldiv@dividend            cstackBANK0  000024
___aldiv@divisor             cstackBANK0  000020
___aldiv@quotient            cstackBANK0  00002A
___aldiv@sign                cstackBANK0  000029
___awdiv                     text4        00129F
___awdiv@counter             cstackBANK0  000027
___awdiv@dividend            cstackBANK0  000024
___awdiv@divisor             cstackBANK0  000022
___awdiv@quotient            cstackBANK0  000029
___awdiv@sign                cstackBANK0  000028
___awmod                     text3        0011DC
___awmod@counter             cstackBANK0  000020
___awmod@dividend            cstackCOMMON 000075
___awmod@divisor             cstackCOMMON 000073
___awmod@sign                cstackBANK0  000021
___bmul                      text10       001F68
___bmul@multiplicand         cstackBANK0  00002B
___bmul@multiplier           cstackBANK0  00002E
___bmul@product              cstackBANK0  00002D
___ftadd                     text18       000911
___ftadd@exp1                cstackBANK0  00005B
___ftadd@exp2                cstackBANK0  00005A
___ftadd@f1                  cstackBANK0  00004F
___ftadd@f2                  cstackBANK0  000052
___ftadd@sign                cstackBANK0  000059
___ftge                      text21       0010CA
___ftge@ff1                  cstackBANK0  000020
___ftge@ff2                  cstackBANK0  000023
___ftmul                     text9        00082C
___ftmul@cntr                cstackBANK0  00003D
___ftmul@exp                 cstackBANK0  000039
___ftmul@f1                  cstackBANK0  00002F
___ftmul@f2                  cstackBANK0  000032
___ftmul@f3_as_product       cstackBANK0  00003A
___ftmul@sign                cstackBANK0  00003E
___ftneg                     text20       001EF5
___ftneg@f1                  cstackCOMMON 000073
___ftpack                    text19       001308
___ftpack@arg                cstackCOMMON 000073
___ftpack@exp                cstackCOMMON 000076
___ftpack@sign               cstackCOMMON 000077
___ftsub                     text17       001FA1
___ftsub@f1                  cstackBANK0  00005F
___ftsub@f2                  cstackBANK0  00005C
___fttol                     text16       001411
___fttol@exp1                cstackBANK0  000055
___fttol@f1                  cstackBANK0  000048
___fttol@lval                cstackBANK0  000051
___fttol@sign1               cstackBANK0  000050
___int_sp                    stack        000000
___latbits                   (abs)        000002
___lldiv                     text28       001237
___lldiv@counter             cstackBANK0  00002C
___lldiv@dividend            cstackBANK0  000024
___lldiv@divisor             cstackBANK0  000020
___lldiv@quotient            cstackBANK0  000028
___llmod                     text15       001186
___llmod@counter             cstackCOMMON 000074
___llmod@dividend            cstackBANK0  000024
___llmod@divisor             cstackBANK0  000020
___lltoft                    text14       001097
___lltoft@c                  cstackBANK0  000023
___lltoft@exp                cstackBANK0  000028
___lwdiv                     text8        001140
___lwdiv@counter             cstackBANK0  000026
___lwdiv@dividend            cstackBANK0  000023
___lwdiv@divisor             cstackBANK0  000021
___lwdiv@quotient            cstackBANK0  000027
___lwmod                     text7        001104
___lwmod@counter             cstackBANK0  000020
___lwmod@dividend            cstackCOMMON 000075
___lwmod@divisor             cstackCOMMON 000073
___sp                        stack        000000
___stackhi                   (abs)        000000
___stacklo                   (abs)        000000
___wmul                      text13       000801
___wmul@multiplicand         cstackCOMMON 000075
___wmul@multiplier           cstackCOMMON 000073
___wmul@product              cstackBANK0  000020
__div_to_l_                  text12       0016D3
__div_to_l_@cntr             cstackBANK0  000032
__div_to_l_@exp1             cstackBANK0  000033
__div_to_l_@f1               cstackBANK0  000020
__div_to_l_@f2               cstackBANK0  000023
__div_to_l_@quot             cstackBANK0  00002E
__end_of_I2C_Master_Init     text27       002000
__end_of_ISR                 text29       001F68
__end_of_Read_USART          text30       001EED
__end_of_USART_Init          text25       0016D3
__end_of_Write_USART         text24       001F0B
__end_of_Write_USART_String  text23       001FA1
__end_of___aldiv             text26       00153A
__end_of___awdiv             text4        001308
__end_of___awmod             text3        001237
__end_of___bmul              text10       001F7F
__end_of___ftadd             text18       000A47
__end_of___ftge              text21       001104
__end_of___ftmul             text9        000911
__end_of___ftneg             text20       001EFF
__end_of___ftpack            text19       00138A
__end_of___ftsub             text17       001FC6
__end_of___fttol             text16       00149D
__end_of___lldiv             text28       00129F
__end_of___llmod             text15       0011DC
__end_of___lltoft            text14       0010CA
__end_of___lwdiv             text8        001186
__end_of___lwmod             text7        001140
__end_of___wmul              text13       00082C
__end_of__div_to_l_          text12       001800
__end_of__fptable            functab      00003D
__end_of__initialization     cinit        000033
__end_of__npowers_           strings      001054
__end_of__powers_            strings      00102D
__end_of__stringtab          strings      001006
__end_of__tdiv_to_l_         text11       0015F7
__end_of_configIO            text22       001F3F
__end_of_dpowers             strings      00107C
__end_of_fround              text6        0007FA
__end_of_isdigit             text5        001F2C
__end_of_main                maintext     001411
__end_of_scale               text2        000D02
__end_of_sprintf             text1_split_1 000651
__fptable                    functab      000037
__initialization             cinit        00000F
__npowers_                   strings      00102D
__pbssBANK0                  bssBANK0     00006D
__pbssBANK1                  bssBANK1     0000BE
__pbssCOMMON                 bssCOMMON    00007A
__pcstackBANK0               cstackBANK0  000020
__pcstackBANK1               cstackBANK1  0000A0
__pcstackCOMMON              cstackCOMMON 000070
__pdataBANK1                 dataBANK1    0000DB
__pdataCOMMON                dataCOMMON   000078
__pfunctab                   functab      000037
__pidataBANK1                idataBANK1   001F0B
__pidataCOMMON               idataCOMMON  0007FA
__pintentry                  intentry     000004
__pmaintext                  maintext     00138A
__powers_                    strings      001006
__pstrings                   strings      001000
__ptext1                     text1        000D02
__ptext10                    text10       001F68
__ptext11                    text11       00153A
__ptext12                    text12       0016D3
__ptext13                    text13       000801
__ptext14                    text14       001097
__ptext15                    text15       001186
__ptext16                    text16       001411
__ptext17                    text17       001FA1
__ptext18                    text18       000911
__ptext19                    text19       001308
__ptext2                     text2        000A47
__ptext20                    text20       001EF5
__ptext21                    text21       0010CA
__ptext22                    text22       001F2C
__ptext23                    text23       001F7F
__ptext24                    text24       001EFF
__ptext25                    text25       0015F7
__ptext26                    text26       00149D
__ptext27                    text27       001FC6
__ptext28                    text28       001237
__ptext29                    text29       001F52
__ptext3                     text3        0011DC
__ptext30                    text30       001EE5
__ptext4                     text4        00129F
__ptext5                     text5        001F1A
__ptext6                     text6        000651
__ptext7                     text7        001104
__ptext8                     text8        001140
__ptext9                     text9        00082C
__size_of_I2C_Master_Init    (abs)        000000
__size_of_ISR                (abs)        000000
__size_of_Read_USART         (abs)        000000
__size_of_USART_Init         (abs)        000000
__size_of_Write_USART        (abs)        000000
__size_of_Write_USART_String (abs)        000000
__size_of___aldiv            (abs)        000000
__size_of___awdiv            (abs)        000000
__size_of___awmod            (abs)        000000
__size_of___bmul             (abs)        000000
__size_of___ftadd            (abs)        000000
__size_of___ftge             (abs)        000000
__size_of___ftmul            (abs)        000000
__size_of___ftneg            (abs)        000000
__size_of___ftpack           (abs)        000000
__size_of___ftsub            (abs)        000000
__size_of___fttol            (abs)        000000
__size_of___lldiv            (abs)        000000
__size_of___llmod            (abs)        000000
__size_of___lltoft           (abs)        000000
__size_of___lwdiv            (abs)        000000
__size_of___lwmod            (abs)        000000
__size_of___wmul             (abs)        000000
__size_of__div_to_l_         (abs)        000000
__size_of__fptable           (abs)        000000
__size_of__tdiv_to_l_        (abs)        000000
__size_of_configIO           (abs)        000000
__size_of_fround             (abs)        000000
__size_of_isdigit            (abs)        000000
__size_of_main               (abs)        000000
__size_of_scale              (abs)        000000
__size_of_sprintf            (abs)        000000
__stringbase                 strings      001005
__stringtab                  strings      001000
__tdiv_to_l_                 text11       00153A
__tdiv_to_l_@cntr            cstackBANK0  00002A
__tdiv_to_l_@exp1            cstackBANK0  00002B
__tdiv_to_l_@f1              cstackBANK0  000020
__tdiv_to_l_@f2              cstackBANK0  000023
__tdiv_to_l_@quot            cstackBANK0  000026
_aht_GetHumidity             (abs)        000000
_aht_GetTemperature          (abs)        000000
_configIO                    text22       001F2C
_datos                       bssBANK1     0000C7
_dpowers                     strings      001054
_eSensorCalibrateCmd         dataBANK1    0000E1
_eSensorMeasureCmd           dataBANK1    0000DB
_fround                      text6        000651
_fround$957                  cstackBANK0  00004B
_fround$958                  cstackBANK0  000048
_humedad                     bssBANK1     0000C6
_isdigit                     text5        001F1A
_isdigit$749                 cstackCOMMON 000073
_main                        maintext     00138A
_scale                       text2        000A47
_scale$959                   cstackBANK0  000044
_sprintf                     text1        000D02
_sprintf$960                 cstackBANK1  0000A0
_temperatura                 bssBANK0     00006D
btemp                        (abs)        00007E
clear_ram0                   clrtext      001EED
end_of_initialization        cinit        000033
fpbase                       functab      00003C
fptable                      functab      000037
fptotal                      (abs)        000002
fround@prec                  cstackBANK0  00004E
init_fetch0                  inittext     001F3F
init_ram0                    inittext     001F43
interrupt_function           intentry     000004
intlevel0                    functab      000037
intlevel1                    functab      000037
intlevel2                    functab      000037
intlevel3                    functab      000037
intlevel4                    functab      000037
intlevel5                    functab      000037
isdigit@c                    cstackCOMMON 000074
pnum$text1                   (abs)        000011
pnum$text1_split_1           (abs)        000032
psplit$0                     (abs)        110032
reset_vec                    reset_vec    000000
saved_w                      (abs)        00007E
scale@scl                    cstackBANK0  000047
sprintf@ap                   cstackBANK1  0000A3
sprintf@c                    cstackBANK1  0000B8
sprintf@eexp                 cstackBANK1  0000B0
sprintf@f                    cstackBANK0  000062
sprintf@flag                 cstackBANK1  0000A8
sprintf@fval                 cstackBANK1  0000B3
sprintf@prec                 cstackBANK1  0000B6
sprintf@sp                   cstackBANK1  0000B2
sprintf@tmpval               cstackBANK1  0000AC
sprintf@val                  cstackBANK1  0000A4
sprintf@width                cstackBANK1  0000AA
start                        init         00000C
start_initialization         cinit        00000F
wtemp0                       (abs)        00007E


FUNCTION INFORMATION:

 *************** function _main *****************
 Defined at:
		line 64 in file "pic16f.c"
 Parameters:    Size  Location     Type
		None
 Auto vars:     Size  Location     Type
		None
 Return value:  Size  Location     Type
                  1    wreg      void 
 Registers used:
		wreg, fsr0l, fsr0h, status,2, status,0, btemp+1, pclath, cstack
 Tracked objects:
		On entry : 
		On exit  : 
		Unchanged: 
 Data sizes:     COMMON   BANK0   BANK1   BANK3   BANK2
      Params:         0       0       0       0       0
      Locals:         0       0       0       0       0
      Temps:          0       0       5       0       0
      Totals:         0       0       5       0       0
Total ram usage:        5 bytes
 Hardware stack levels required when called:    6
 This function calls:
		_I2C_Master_Init
		_USART_Init
		_Write_USART
		_Write_USART_String
		_configIO
		_sprintf
 This function is called by:
		Startup code after reset
 This function uses a non-reentrant model


 *************** function _sprintf *****************
 Defined at:
		line 505 in file "D:\MPLAB XC8 compiler\pic\sources\c90\common\doprnt.c"
 Parameters:    Size  Location     Type
  sp              1    wreg     PTR unsigned char 
		 -> datos(20), 
  f               1   66[BANK0 ] PTR const unsigned char 
		 -> STR_2(15), 
 Auto vars:     Size  Location     Type
  sp              1   18[BANK1 ] PTR unsigned char 
		 -> datos(20), 
  tmpval          4   12[BANK1 ] struct .
  val             4    4[BANK1 ] unsigned long 
  fval            3   19[BANK1 ] unsigned long 
  prec            2   22[BANK1 ] int 
  eexp            2   16[BANK1 ] int 
  width           2   10[BANK1 ] int 
  flag            2    8[BANK1 ] unsigned short 
  cp              2    0        PTR const unsigned char 
  len             2    0        unsigned int 
  c               1   24[BANK1 ] unsigned char 
  ap              1    3[BANK1 ] PTR void [1]
		 -> ?_sprintf(2), 
  d               1    0        unsigned char 
 Return value:  Size  Location     Type
                  2   66[BANK0 ] int 
 Registers used:
		wreg, fsr0l, fsr0h, status,2, status,0, btemp+1, pclath, cstack
 Tracked objects:
		On entry : 
		On exit  : 
		Unchanged: 
 Data sizes:     COMMON   BANK0   BANK1   BANK3   BANK2
      Params:         0       5       0       0       0
      Locals:         0       0      25       0       0
      Temps:          0       6       0       0       0
      Totals:         0      11      25       0       0
Total ram usage:       36 bytes
 Hardware stack levels used:    1
 Hardware stack levels required when called:    5
 This function calls:
		___awdiv
		___ftadd
		___ftge
		___ftmul
		___ftneg
		___ftsub
		___fttol
		___lldiv
		___llmod
		___lltoft
		___wmul
		__div_to_l_
		__tdiv_to_l_
		_fround
		_isdigit
		_scale
 This function is called by:
		_main
 This function uses a non-reentrant model


 *************** function _scale *****************
 Defined at:
		line 433 in file "D:\MPLAB XC8 compiler\pic\sources\c90\common\doprnt.c"
 Parameters:    Size  Location     Type
  scl             1    wreg     char 
 Auto vars:     Size  Location     Type
  scl             1   39[BANK0 ] char 
 Return value:  Size  Location     Type
                  3   31[BANK0 ] char 
 Registers used:
		wreg, fsr0l, fsr0h, status,2, status,0, pclath, cstack
 Tracked objects:
		On entry : 
		On exit  : 
		Unchanged: 
 Data sizes:     COMMON   BANK0   BANK1   BANK3   BANK2
      Params:         0       3       0       0       0
      Locals:         0       4       0       0       0
      Temps:          0       2       0       0       0
      Totals:         0       9       0       0       0
Total ram usage:        9 bytes
 Hardware stack levels used:    1
 Hardware stack levels required when called:    4
 This function calls:
		___awdiv
		___awmod
		___bmul
		___ftmul
 This function is called by:
		_sprintf
 This function uses a non-reentrant model


 *************** function ___awmod *****************
 Defined at:
		line 5 in file "D:\MPLAB XC8 compiler\pic\sources\c90\common\awmod.c"
 Parameters:    Size  Location     Type
  divisor         2    3[COMMON] int 
  dividend        2    5[COMMON] int 
 Auto vars:     Size  Location     Type
  sign            1    1[BANK0 ] unsigned char 
  counter         1    0[BANK0 ] unsigned char 
 Return value:  Size  Location     Type
                  2    3[COMMON] int 
 Registers used:
		wreg, status,2, status,0
 Tracked objects:
		On entry : 
		On exit  : 
		Unchanged: 
 Data sizes:     COMMON   BANK0   BANK1   BANK3   BANK2
      Params:         4       0       0       0       0
      Locals:         0       2       0       0       0
      Temps:          1       0       0       0       0
      Totals:         5       2       0       0       0
Total ram usage:        7 bytes
 Hardware stack levels used:    1
 Hardware stack levels required when called:    2
 This function calls:
		Nothing
 This function is called by:
		_scale
 This function uses a non-reentrant model


 *************** function ___awdiv *****************
 Defined at:
		line 5 in file "D:\MPLAB XC8 compiler\pic\sources\c90\common\awdiv.c"
 Parameters:    Size  Location     Type
  divisor         2    2[BANK0 ] int 
  dividend        2    4[BANK0 ] int 
 Auto vars:     Size  Location     Type
  quotient        2    9[BANK0 ] int 
  sign            1    8[BANK0 ] unsigned char 
  counter         1    7[BANK0 ] unsigned char 
 Return value:  Size  Location     Type
                  2    2[BANK0 ] int 
 Registers used:
		wreg, status,2, status,0
 Tracked objects:
		On entry : 
		On exit  : 
		Unchanged: 
 Data sizes:     COMMON   BANK0   BANK1   BANK3   BANK2
      Params:         0       4       0       0       0
      Locals:         0       4       0       0       0
      Temps:          0       1       0       0       0
      Totals:         0       9       0       0       0
Total ram usage:        9 bytes
 Hardware stack levels used:    1
 Hardware stack levels required when called:    2
 This function calls:
		Nothing
 This function is called by:
		_scale
		_sprintf
 This function uses a non-reentrant model


 *************** function _isdigit *****************
 Defined at:
		line 8 in file "D:\MPLAB XC8 compiler\pic\sources\c90\common\isdigit.c"
 Parameters:    Size  Location     Type
  c               1    wreg     unsigned char 
 Auto vars:     Size  Location     Type
  c               1    4[COMMON] unsigned char 
 Return value:  Size  Location     Type
		None               void
 Registers used:
		wreg, status,2, status,0
 Tracked objects:
		On entry : 
		On exit  : 
		Unchanged: 
 Data sizes:     COMMON   BANK0   BANK1   BANK3   BANK2
      Params:         0       0       0       0       0
      Locals:         2       0       0       0       0
      Temps:          0       0       0       0       0
      Totals:         2       0       0       0       0
Total ram usage:        2 bytes
 Hardware stack levels used:    1
 Hardware stack levels required when called:    2
 This function calls:
		Nothing
 This function is called by:
		_sprintf
 This function uses a non-reentrant model


 *************** function _fround *****************
 Defined at:
		line 417 in file "D:\MPLAB XC8 compiler\pic\sources\c90\common\doprnt.c"
 Parameters:    Size  Location     Type
  prec            1    wreg     unsigned char 
 Auto vars:     Size  Location     Type
  prec            1   46[BANK0 ] unsigned char 
 Return value:  Size  Location     Type
                  3   31[BANK0 ] unsigned char 
 Registers used:
		wreg, fsr0l, fsr0h, status,2, status,0, pclath, cstack
 Tracked objects:
		On entry : 
		On exit  : 
		Unchanged: 
 Data sizes:     COMMON   BANK0   BANK1   BANK3   BANK2
      Params:         0       3       0       0       0
      Locals:         0       7       0       0       0
      Temps:          0       6       0       0       0
      Totals:         0      16       0       0       0
Total ram usage:       16 bytes
 Hardware stack levels used:    1
 Hardware stack levels required when called:    4
 This function calls:
		___bmul
		___ftmul
		___lwdiv
		___lwmod
 This function is called by:
		_sprintf
 This function uses a non-reentrant model


 *************** function ___lwmod *****************
 Defined at:
		line 5 in file "D:\MPLAB XC8 compiler\pic\sources\c90\common\lwmod.c"
 Parameters:    Size  Location     Type
  divisor         2    3[COMMON] unsigned int 
  dividend        2    5[COMMON] unsigned int 
 Auto vars:     Size  Location     Type
  counter         1    0[BANK0 ] unsigned char 
 Return value:  Size  Location     Type
                  2    3[COMMON] unsigned int 
 Registers used:
		wreg, status,2, status,0
 Tracked objects:
		On entry : 
		On exit  : 
		Unchanged: 
 Data sizes:     COMMON   BANK0   BANK1   BANK3   BANK2
      Params:         4       0       0       0       0
      Locals:         0       1       0       0       0
      Temps:          1       0       0       0       0
      Totals:         5       1       0       0       0
Total ram usage:        6 bytes
 Hardware stack levels used:    1
 Hardware stack levels required when called:    2
 This function calls:
		Nothing
 This function is called by:
		_fround
 This function uses a non-reentrant model


 *************** function ___lwdiv *****************
 Defined at:
		line 5 in file "D:\MPLAB XC8 compiler\pic\sources\c90\common\lwdiv.c"
 Parameters:    Size  Location     Type
  divisor         2    1[BANK0 ] unsigned int 
  dividend        2    3[BANK0 ] unsigned int 
 Auto vars:     Size  Location     Type
  quotient        2    7[BANK0 ] unsigned int 
  counter         1    6[BANK0 ] unsigned char 
 Return value:  Size  Location     Type
                  2    1[BANK0 ] unsigned int 
 Registers used:
		wreg, status,2, status,0
 Tracked objects:
		On entry : 
		On exit  : 
		Unchanged: 
 Data sizes:     COMMON   BANK0   BANK1   BANK3   BANK2
      Params:         0       4       0       0       0
      Locals:         0       3       0       0       0
      Temps:          0       1       0       0       0
      Totals:         0       8       0       0       0
Total ram usage:        8 bytes
 Hardware stack levels used:    1
 Hardware stack levels required when called:    2
 This function calls:
		Nothing
 This function is called by:
		_fround
 This function uses a non-reentrant model


 *************** function ___ftmul *****************
 Defined at:
		line 62 in file "D:\MPLAB XC8 compiler\pic\sources\c90\common\ftmul.c"
 Parameters:    Size  Location     Type
  f1              3   15[BANK0 ] float 
  f2              3   18[BANK0 ] float 
 Auto vars:     Size  Location     Type
  f3_as_produc    3   26[BANK0 ] unsigned um
  sign            1   30[BANK0 ] unsigned char 
  cntr            1   29[BANK0 ] unsigned char 
  exp             1   25[BANK0 ] unsigned char 
 Return value:  Size  Location     Type
                  3   15[BANK0 ] float 
 Registers used:
		wreg, status,2, status,0, pclath, cstack
 Tracked objects:
		On entry : 
		On exit  : 
		Unchanged: 
 Data sizes:     COMMON   BANK0   BANK1   BANK3   BANK2
      Params:         0       6       0       0       0
      Locals:         0       6       0       0       0
      Temps:          0       4       0       0       0
      Totals:         0      16       0       0       0
Total ram usage:       16 bytes
 Hardware stack levels used:    1
 Hardware stack levels required when called:    3
 This function calls:
		___ftpack
 This function is called by:
		_aht_GetHumidity
		_aht_GetTemperature
		_fround
		_scale
		_sprintf
 This function uses a non-reentrant model


 *************** function ___bmul *****************
 Defined at:
		line 4 in file "D:\MPLAB XC8 compiler\pic\sources\c90\common\Umul8.c"
 Parameters:    Size  Location     Type
  multiplier      1    wreg     unsigned char 
  multiplicand    1   11[BANK0 ] unsigned char 
 Auto vars:     Size  Location     Type
  multiplier      1   14[BANK0 ] unsigned char 
  product         1   13[BANK0 ] unsigned char 
 Return value:  Size  Location     Type
                  1    wreg      unsigned char 
 Registers used:
		wreg, status,2, status,0
 Tracked objects:
		On entry : 
		On exit  : 
		Unchanged: 
 Data sizes:     COMMON   BANK0   BANK1   BANK3   BANK2
      Params:         0       1       0       0       0
      Locals:         0       2       0       0       0
      Temps:          0       1       0       0       0
      Totals:         0       4       0       0       0
Total ram usage:        4 bytes
 Hardware stack levels used:    1
 Hardware stack levels required when called:    2
 This function calls:
		Nothing
 This function is called by:
		_fround
		_scale
 This function uses a non-reentrant model


 *************** function __tdiv_to_l_ *****************
 Defined at:
		line 60 in file "D:\MPLAB XC8 compiler\pic\sources\c90\common\ftdivl.c"
 Parameters:    Size  Location     Type
  f1              3    0[BANK0 ] float 
  f2              3    3[BANK0 ] float 
 Auto vars:     Size  Location     Type
  quot            4    6[BANK0 ] unsigned long 
  exp1            1   11[BANK0 ] unsigned char 
  cntr            1   10[BANK0 ] unsigned char 
 Return value:  Size  Location     Type
                  4    0[BANK0 ] unsigned long 
 Registers used:
		wreg, status,2, status,0
 Tracked objects:
		On entry : 
		On exit  : 
		Unchanged: 
 Data sizes:     COMMON   BANK0   BANK1   BANK3   BANK2
      Params:         0       6       0       0       0
      Locals:         0       6       0       0       0
      Temps:          4       0       0       0       0
      Totals:         4      12       0       0       0
Total ram usage:       16 bytes
 Hardware stack levels used:    1
 Hardware stack levels required when called:    2
 This function calls:
		Nothing
 This function is called by:
		_sprintf
 This function uses a non-reentrant model


 *************** function __div_to_l_ *****************
 Defined at:
		line 60 in file "D:\MPLAB XC8 compiler\pic\sources\c90\common\fldivl.c"
 Parameters:    Size  Location     Type
  f1              3    0[BANK0 ] unsigned long 
  f2              3    3[BANK0 ] unsigned long 
 Auto vars:     Size  Location     Type
  quot            4   14[BANK0 ] unsigned long 
  exp1            1   19[BANK0 ] unsigned char 
  cntr            1   18[BANK0 ] unsigned char 
 Return value:  Size  Location     Type
                  4    0[BANK0 ] unsigned long 
 Registers used:
		wreg, fsr0l, fsr0h, status,2, status,0
 Tracked objects:
		On entry : 
		On exit  : 
		Unchanged: 
 Data sizes:     COMMON   BANK0   BANK1   BANK3   BANK2
      Params:         0       6       0       0       0
      Locals:         0       6       0       0       0
      Temps:          0       8       0       0       0
      Totals:         0      20       0       0       0
Total ram usage:       20 bytes
 Hardware stack levels used:    1
 Hardware stack levels required when called:    2
 This function calls:
		Nothing
 This function is called by:
		_sprintf
 This function uses a non-reentrant model


 *************** function ___wmul *****************
 Defined at:
		line 15 in file "D:\MPLAB XC8 compiler\pic\sources\c90\common\Umul16.c"
 Parameters:    Size  Location     Type
  multiplier      2    3[COMMON] unsigned int 
  multiplicand    2    5[COMMON] unsigned int 
 Auto vars:     Size  Location     Type
  product         2    0[BANK0 ] unsigned int 
 Return value:  Size  Location     Type
                  2    3[COMMON] unsigned int 
 Registers used:
		wreg, status,2, status,0
 Tracked objects:
		On entry : 
		On exit  : 
		Unchanged: 
 Data sizes:     COMMON   BANK0   BANK1   BANK3   BANK2
      Params:         4       0       0       0       0
      Locals:         0       2       0       0       0
      Temps:          0       0       0       0       0
      Totals:         4       2       0       0       0
Total ram usage:        6 bytes
 Hardware stack levels used:    1
 Hardware stack levels required when called:    2
 This function calls:
		Nothing
 This function is called by:
		_sprintf
 This function uses a non-reentrant model


 *************** function ___lltoft *****************
 Defined at:
		line 35 in file "D:\MPLAB XC8 compiler\pic\sources\c90\common\lltoft.c"
 Parameters:    Size  Location     Type
  c               4    3[BANK0 ] unsigned long 
 Auto vars:     Size  Location     Type
  exp             1    8[BANK0 ] unsigned char 
 Return value:  Size  Location     Type
                  3    3[BANK0 ] float 
 Registers used:
		wreg, status,2, status,0, pclath, cstack
 Tracked objects:
		On entry : 
		On exit  : 
		Unchanged: 
 Data sizes:     COMMON   BANK0   BANK1   BANK3   BANK2
      Params:         0       4       0       0       0
      Locals:         0       1       0       0       0
      Temps:          0       1       0       0       0
      Totals:         0       6       0       0       0
Total ram usage:        6 bytes
 Hardware stack levels used:    1
 Hardware stack levels required when called:    3
 This function calls:
		___ftpack
 This function is called by:
		_aht_GetHumidity
		_aht_GetTemperature
		_sprintf
 This function uses a non-reentrant model


 *************** function ___llmod *****************
 Defined at:
		line 5 in file "D:\MPLAB XC8 compiler\pic\sources\c90\common\llmod.c"
 Parameters:    Size  Location     Type
  divisor         4    0[BANK0 ] unsigned long 
  dividend        4    4[BANK0 ] unsigned long 
 Auto vars:     Size  Location     Type
  counter         1    4[COMMON] unsigned char 
 Return value:  Size  Location     Type
                  4    0[BANK0 ] unsigned long 
 Registers used:
		wreg, status,2, status,0
 Tracked objects:
		On entry : 
		On exit  : 
		Unchanged: 
 Data sizes:     COMMON   BANK0   BANK1   BANK3   BANK2
      Params:         0       8       0       0       0
      Locals:         1       0       0       0       0
      Temps:          1       0       0       0       0
      Totals:         2       8       0       0       0
Total ram usage:       10 bytes
 Hardware stack levels used:    1
 Hardware stack levels required when called:    2
 This function calls:
		Nothing
 This function is called by:
		_sprintf
 This function uses a non-reentrant model


 *************** function ___fttol *****************
 Defined at:
		line 44 in file "D:\MPLAB XC8 compiler\pic\sources\c90\common\fttol.c"
 Parameters:    Size  Location     Type
  f1              3   40[BANK0 ] float 
 Auto vars:     Size  Location     Type
  lval            4   49[BANK0 ] unsigned long 
  exp1            1   53[BANK0 ] unsigned char 
  sign1           1   48[BANK0 ] unsigned char 
 Return value:  Size  Location     Type
                  4   40[BANK0 ] long 
 Registers used:
		wreg, status,2, status,0
 Tracked objects:
		On entry : 
		On exit  : 
		Unchanged: 
 Data sizes:     COMMON   BANK0   BANK1   BANK3   BANK2
      Params:         0       4       0       0       0
      Locals:         0       6       0       0       0
      Temps:          0       4       0       0       0
      Totals:         0      14       0       0       0
Total ram usage:       14 bytes
 Hardware stack levels used:    1
 Hardware stack levels required when called:    2
 This function calls:
		Nothing
 This function is called by:
		_sprintf
 This function uses a non-reentrant model


 *************** function ___ftsub *****************
 Defined at:
		line 17 in file "D:\MPLAB XC8 compiler\pic\sources\c90\common\ftsub.c"
 Parameters:    Size  Location     Type
  f2              3   60[BANK0 ] float 
  f1              3   63[BANK0 ] float 
 Auto vars:     Size  Location     Type
		None
 Return value:  Size  Location     Type
                  3   60[BANK0 ] float 
 Registers used:
		wreg, status,2, status,0, pclath, cstack
 Tracked objects:
		On entry : 
		On exit  : 
		Unchanged: 
 Data sizes:     COMMON   BANK0   BANK1   BANK3   BANK2
      Params:         0       6       0       0       0
      Locals:         0       0       0       0       0
      Temps:          0       0       0       0       0
      Totals:         0       6       0       0       0
Total ram usage:        6 bytes
 Hardware stack levels used:    1
 Hardware stack levels required when called:    4
 This function calls:
		___ftadd
 This function is called by:
		_sprintf
 This function uses a non-reentrant model


 *************** function ___ftadd *****************
 Defined at:
		line 86 in file "D:\MPLAB XC8 compiler\pic\sources\c90\common\ftadd.c"
 Parameters:    Size  Location     Type
  f1              3   47[BANK0 ] float 
  f2              3   50[BANK0 ] float 
 Auto vars:     Size  Location     Type
  exp1            1   59[BANK0 ] unsigned char 
  exp2            1   58[BANK0 ] unsigned char 
  sign            1   57[BANK0 ] unsigned char 
 Return value:  Size  Location     Type
                  3   47[BANK0 ] float 
 Registers used:
		wreg, status,2, status,0, pclath, cstack
 Tracked objects:
		On entry : 
		On exit  : 
		Unchanged: 
 Data sizes:     COMMON   BANK0   BANK1   BANK3   BANK2
      Params:         0       6       0       0       0
      Locals:         0       3       0       0       0
      Temps:          0       4       0       0       0
      Totals:         0      13       0       0       0
Total ram usage:       13 bytes
 Hardware stack levels used:    1
 Hardware stack levels required when called:    3
 This function calls:
		___ftpack
 This function is called by:
		_aht_GetTemperature
		_sprintf
		___ftsub
 This function uses a non-reentrant model


 *************** function ___ftpack *****************
 Defined at:
		line 62 in file "D:\MPLAB XC8 compiler\pic\sources\c90\common\float.c"
 Parameters:    Size  Location     Type
  arg             3    3[COMMON] unsigned um
  exp             1    6[COMMON] unsigned char 
  sign            1    7[COMMON] unsigned char 
 Auto vars:     Size  Location     Type
		None
 Return value:  Size  Location     Type
                  3    3[COMMON] float 
 Registers used:
		wreg, status,2, status,0
 Tracked objects:
		On entry : 
		On exit  : 
		Unchanged: 
 Data sizes:     COMMON   BANK0   BANK1   BANK3   BANK2
      Params:         5       0       0       0       0
      Locals:         0       0       0       0       0
      Temps:          0       3       0       0       0
      Totals:         5       3       0       0       0
Total ram usage:        8 bytes
 Hardware stack levels used:    1
 Hardware stack levels required when called:    2
 This function calls:
		Nothing
 This function is called by:
		___ftadd
		___ftdiv
		___ftmul
		___lltoft
 This function uses a non-reentrant model


 *************** function ___ftneg *****************
 Defined at:
		line 15 in file "D:\MPLAB XC8 compiler\pic\sources\c90\common\ftneg.c"
 Parameters:    Size  Location     Type
  f1              3    3[COMMON] float 
 Auto vars:     Size  Location     Type
		None
 Return value:  Size  Location     Type
                  3    3[COMMON] float 
 Registers used:
		wreg
 Tracked objects:
		On entry : 
		On exit  : 
		Unchanged: 
 Data sizes:     COMMON   BANK0   BANK1   BANK3   BANK2
      Params:         3       0       0       0       0
      Locals:         0       0       0       0       0
      Temps:          0       0       0       0       0
      Totals:         3       0       0       0       0
Total ram usage:        3 bytes
 Hardware stack levels used:    1
 Hardware stack levels required when called:    2
 This function calls:
		Nothing
 This function is called by:
		_sprintf
 This function uses a non-reentrant model


 *************** function ___ftge *****************
 Defined at:
		line 4 in file "D:\MPLAB XC8 compiler\pic\sources\c90\common\ftge.c"
 Parameters:    Size  Location     Type
  ff1             3    0[BANK0 ] float 
  ff2             3    3[BANK0 ] float 
 Auto vars:     Size  Location     Type
		None
 Return value:  Size  Location     Type
		None               void
 Registers used:
		wreg, status,2, status,0
 Tracked objects:
		On entry : 
		On exit  : 
		Unchanged: 
 Data sizes:     COMMON   BANK0   BANK1   BANK3   BANK2
      Params:         0       6       0       0       0
      Locals:         0       0       0       0       0
      Temps:          0       0       0       0       0
      Totals:         0       6       0       0       0
Total ram usage:        6 bytes
 Hardware stack levels used:    1
 Hardware stack levels required when called:    2
 This function calls:
		Nothing
 This function is called by:
		_sprintf
 This function uses a non-reentrant model


 *************** function _configIO *****************
 Defined at:
		line 45 in file "pic16f.c"
 Parameters:    Size  Location     Type
		None
 Auto vars:     Size  Location     Type
		None
 Return value:  Size  Location     Type
                  1    wreg      void 
 Registers used:
		status,2
 Tracked objects:
		On entry : 
		On exit  : 
		Unchanged: 
 Data sizes:     COMMON   BANK0   BANK1   BANK3   BANK2
      Params:         0       0       0       0       0
      Locals:         0       0       0       0       0
      Temps:          0       0       0       0       0
      Totals:         0       0       0       0       0
Total ram usage:        0 bytes
 Hardware stack levels used:    1
 Hardware stack levels required when called:    2
 This function calls:
		Nothing
 This function is called by:
		_main
 This function uses a non-reentrant model


 *************** function _Write_USART_String *****************
 Defined at:
		line 34 in file "USART.c"
 Parameters:    Size  Location     Type
  a               1    wreg     PTR unsigned char 
		 -> STR_1(12), 
 Auto vars:     Size  Location     Type
  a               1    5[COMMON] PTR unsigned char 
		 -> STR_1(12), 
  i               1    6[COMMON] unsigned char 
 Return value:  Size  Location     Type
                  1    wreg      void 
 Registers used:
		wreg, fsr0l, fsr0h, status,2, status,0, pclath, cstack
 Tracked objects:
		On entry : 
		On exit  : 
		Unchanged: 
 Data sizes:     COMMON   BANK0   BANK1   BANK3   BANK2
      Params:         0       0       0       0       0
      Locals:         2       0       0       0       0
      Temps:          1       0       0       0       0
      Totals:         3       0       0       0       0
Total ram usage:        3 bytes
 Hardware stack levels used:    1
 Hardware stack levels required when called:    3
 This function calls:
		_Write_USART
 This function is called by:
		_main
 This function uses a non-reentrant model


 *************** function _Write_USART *****************
 Defined at:
		line 30 in file "USART.c"
 Parameters:    Size  Location     Type
  a               1    wreg     unsigned char 
 Auto vars:     Size  Location     Type
  a               1    3[COMMON] unsigned char 
 Return value:  Size  Location     Type
                  1    wreg      void 
 Registers used:
		wreg
 Tracked objects:
		On entry : 
		On exit  : 
		Unchanged: 
 Data sizes:     COMMON   BANK0   BANK1   BANK3   BANK2
      Params:         0       0       0       0       0
      Locals:         1       0       0       0       0
      Temps:          0       0       0       0       0
      Totals:         1       0       0       0       0
Total ram usage:        1 bytes
 Hardware stack levels used:    1
 Hardware stack levels required when called:    2
 This function calls:
		Nothing
 This function is called by:
		_main
		_Write_USART_String
 This function uses a non-reentrant model


 *************** function _USART_Init *****************
 Defined at:
		line 9 in file "USART.c"
 Parameters:    Size  Location     Type
  baudrate        4   14[BANK0 ] const long 
 Auto vars:     Size  Location     Type
  x               2    4[COMMON] unsigned int 
 Return value:  Size  Location     Type
                  1    wreg      unsigned char 
 Registers used:
		wreg, status,2, status,0, pclath, cstack
 Tracked objects:
		On entry : 
		On exit  : 
		Unchanged: 
 Data sizes:     COMMON   BANK0   BANK1   BANK3   BANK2
      Params:         0       4       0       0       0
      Locals:         2       0       0       0       0
      Temps:          0      12       0       0       0
      Totals:         2      16       0       0       0
Total ram usage:       18 bytes
 Hardware stack levels used:    1
 Hardware stack levels required when called:    3
 This function calls:
		___aldiv
 This function is called by:
		_main
 This function uses a non-reentrant model


 *************** function ___aldiv *****************
 Defined at:
		line 5 in file "D:\MPLAB XC8 compiler\pic\sources\c90\common\aldiv.c"
 Parameters:    Size  Location     Type
  divisor         4    0[BANK0 ] long 
  dividend        4    4[BANK0 ] long 
 Auto vars:     Size  Location     Type
  quotient        4   10[BANK0 ] long 
  sign            1    9[BANK0 ] unsigned char 
  counter         1    8[BANK0 ] unsigned char 
 Return value:  Size  Location     Type
                  4    0[BANK0 ] long 
 Registers used:
		wreg, status,2, status,0
 Tracked objects:
		On entry : 
		On exit  : 
		Unchanged: 
 Data sizes:     COMMON   BANK0   BANK1   BANK3   BANK2
      Params:         0       8       0       0       0
      Locals:         0       6       0       0       0
      Temps:          1       0       0       0       0
      Totals:         1      14       0       0       0
Total ram usage:       15 bytes
 Hardware stack levels used:    1
 Hardware stack levels required when called:    2
 This function calls:
		Nothing
 This function is called by:
		_USART_Init
 This function uses a non-reentrant model


 *************** function _I2C_Master_Init *****************
 Defined at:
		line 16 in file "I2C.c"
 Parameters:    Size  Location     Type
  c               4   13[BANK0 ] const unsigned long 
 Auto vars:     Size  Location     Type
		None
 Return value:  Size  Location     Type
                  1    wreg      void 
 Registers used:
		wreg, status,2, status,0, pclath, cstack
 Tracked objects:
		On entry : 
		On exit  : 
		Unchanged: 
 Data sizes:     COMMON   BANK0   BANK1   BANK3   BANK2
      Params:         0       4       0       0       0
      Locals:         0       0       0       0       0
      Temps:          4       0       0       0       0
      Totals:         4       4       0       0       0
Total ram usage:        8 bytes
 Hardware stack levels used:    1
 Hardware stack levels required when called:    3
 This function calls:
		___lldiv
 This function is called by:
		_main
		_aht_begin
 This function uses a non-reentrant model


 *************** function ___lldiv *****************
 Defined at:
		line 5 in file "D:\MPLAB XC8 compiler\pic\sources\c90\common\__lldiv.c"
 Parameters:    Size  Location     Type
  divisor         4    0[BANK0 ] unsigned long 
  dividend        4    4[BANK0 ] unsigned long 
 Auto vars:     Size  Location     Type
  quotient        4    8[BANK0 ] unsigned long 
  counter         1   12[BANK0 ] unsigned char 
 Return value:  Size  Location     Type
                  4    0[BANK0 ] unsigned long 
 Registers used:
		wreg, status,2, status,0
 Tracked objects:
		On entry : 
		On exit  : 
		Unchanged: 
 Data sizes:     COMMON   BANK0   BANK1   BANK3   BANK2
      Params:         0       8       0       0       0
      Locals:         0       5       0       0       0
      Temps:          1       0       0       0       0
      Totals:         1      13       0       0       0
Total ram usage:       14 bytes
 Hardware stack levels used:    1
 Hardware stack levels required when called:    2
 This function calls:
		Nothing
 This function is called by:
		_I2C_Master_Init
		_sprintf
 This function uses a non-reentrant model


 *************** function _ISR *****************
 Defined at:
		line 57 in file "pic16f.c"
 Parameters:    Size  Location     Type
		None
 Auto vars:     Size  Location     Type
		None
 Return value:  Size  Location     Type
                  1    wreg      void 
 Registers used:
		wreg, pclath, cstack
 Tracked objects:
		On entry : 
		On exit  : 
		Unchanged: 
 Data sizes:     COMMON   BANK0   BANK1   BANK3   BANK2
      Params:         0       0       0       0       0
      Locals:         0       0       0       0       0
      Temps:          3       0       0       0       0
      Totals:         3       0       0       0       0
Total ram usage:        3 bytes
 Hardware stack levels used:    1
 Hardware stack levels required when called:    1
 This function calls:
		_Read_USART
 This function is called by:
		Interrupt level 1
 This function uses a non-reentrant model


 *************** function _Read_USART *****************
 Defined at:
		line 40 in file "USART.c"
 Parameters:    Size  Location     Type
		None
 Auto vars:     Size  Location     Type
		None
 Return value:  Size  Location     Type
                  1    wreg      unsigned char 
 Registers used:
		wreg
 Tracked objects:
		On entry : 
		On exit  : 
		Unchanged: 
 Data sizes:     COMMON   BANK0   BANK1   BANK3   BANK2
      Params:         0       0       0       0       0
      Locals:         0       0       0       0       0
      Temps:          0       0       0       0       0
      Totals:         0       0       0       0       0
Total ram usage:        0 bytes
 Hardware stack levels used:    1
 This function calls:
		Nothing
 This function is called by:
		_ISR
 This function uses a non-reentrant model



MODULE INFORMATION

Module		Function		Class		Link	Load	Size
USART.c
		_Write_USART_String		CODE           	1F7F	0000	34
		_Write_USART   		CODE           	1EFF	0000	12
		_Read_USART    		CODE           	1EE5	0000	8
		_USART_Init    		CODE           	15F7	0000	220

USART.c estimated size: 274

D:\MPLAB XC8 compiler\pic\sources\c90\common\fttol.c
		___fttol       		CODE           	1411	0000	140

D:\MPLAB XC8 compiler\pic\sources\c90\common\fttol.c estimated size: 140

D:\MPLAB XC8 compiler\pic\sources\c90\common\lltoft.c
		___lltoft      		CODE           	1097	0000	51

D:\MPLAB XC8 compiler\pic\sources\c90\common\lltoft.c estimated size: 51

D:\MPLAB XC8 compiler\pic\sources\c90\common\ftadd.c
		___ftadd       		CODE           	0911	0000	310

D:\MPLAB XC8 compiler\pic\sources\c90\common\ftadd.c estimated size: 310

pic16f.c
		_ISR           		CODE           	1F52	0000	22
		_main          		CODE           	138A	0000	135
		_configIO      		CODE           	1F2C	0000	19

pic16f.c estimated size: 176

D:\MPLAB XC8 compiler\pic\sources\c90\common\__lldiv.c
		___lldiv       		CODE           	1237	0000	104

D:\MPLAB XC8 compiler\pic\sources\c90\common\__lldiv.c estimated size: 104

D:\MPLAB XC8 compiler\pic\sources\c90\common\aldiv.c
		___aldiv       		CODE           	149D	0000	157

D:\MPLAB XC8 compiler\pic\sources\c90\common\aldiv.c estimated size: 157

D:\MPLAB XC8 compiler\pic\sources\c90\common\ftdivl.c
		__tdiv_to_l_   		CODE           	153A	0000	189

D:\MPLAB XC8 compiler\pic\sources\c90\common\ftdivl.c estimated size: 189

I2C.c
		_I2C_Master_Init		CODE           	1FC6	0000	58

I2C.c estimated size: 58

D:\MPLAB XC8 compiler\pic\sources\c90\common\Umul16.c
		___wmul        		CODE           	0801	0000	43

D:\MPLAB XC8 compiler\pic\sources\c90\common\Umul16.c estimated size: 43

D:\MPLAB XC8 compiler\pic\sources\c90\common\ftneg.c
		___ftneg       		CODE           	1EF5	0000	10

D:\MPLAB XC8 compiler\pic\sources\c90\common\ftneg.c estimated size: 10

D:\MPLAB XC8 compiler\pic\sources\c90\common\ftsub.c
		___ftsub       		CODE           	1FA1	0000	37

D:\MPLAB XC8 compiler\pic\sources\c90\common\ftsub.c estimated size: 37

D:\MPLAB XC8 compiler\pic\sources\c90\common\float.c
		___ftpack      		CODE           	1308	0000	130

D:\MPLAB XC8 compiler\pic\sources\c90\common\float.c estimated size: 130

D:\MPLAB XC8 compiler\pic\sources\c90\common\ftge.c
		___ftge        		CODE           	10CA	0000	58

D:\MPLAB XC8 compiler\pic\sources\c90\common\ftge.c estimated size: 58

D:\MPLAB XC8 compiler\pic\sources\c90\common\lwmod.c
		___lwmod       		CODE           	1104	0000	60

D:\MPLAB XC8 compiler\pic\sources\c90\common\lwmod.c estimated size: 60

D:\MPLAB XC8 compiler\pic\sources\c90\common\awmod.c
		___awmod       		CODE           	11DC	0000	91

D:\MPLAB XC8 compiler\pic\sources\c90\common\awmod.c estimated size: 91

D:\MPLAB XC8 compiler\pic\sources\c90\common\isdigit.c
		_isdigit       		CODE           	1F1A	0000	18

D:\MPLAB XC8 compiler\pic\sources\c90\common\isdigit.c estimated size: 18

D:\MPLAB XC8 compiler\pic\sources\c90\common\llmod.c
		___llmod       		CODE           	1186	0000	86

D:\MPLAB XC8 compiler\pic\sources\c90\common\llmod.c estimated size: 86

shared
		__stringtab    		STRING         	1000	0000	6
		__powers_      		STRING         	1006	0000	39
		_dpowers       		STRING         	1054	0000	40
		__npowers_     		STRING         	102D	0000	39
		__initialization		CODE           	000F	0000	36
		__fptable      		ENTRY          	0037	0000	6

shared estimated size: 166

D:\MPLAB XC8 compiler\pic\sources\c90\common\fldivl.c
		__div_to_l_    		CODE           	16D3	0000	301

D:\MPLAB XC8 compiler\pic\sources\c90\common\fldivl.c estimated size: 301

D:\MPLAB XC8 compiler\pic\sources\c90\common\ftmul.c
		___ftmul       		CODE           	082C	0000	229

D:\MPLAB XC8 compiler\pic\sources\c90\common\ftmul.c estimated size: 229

D:\MPLAB XC8 compiler\pic\sources\c90\common\lwdiv.c
		___lwdiv       		CODE           	1140	0000	70

D:\MPLAB XC8 compiler\pic\sources\c90\common\lwdiv.c estimated size: 70

D:\MPLAB XC8 compiler\pic\sources\c90\common\awdiv.c
		___awdiv       		CODE           	129F	0000	105

D:\MPLAB XC8 compiler\pic\sources\c90\common\awdiv.c estimated size: 105

D:\MPLAB XC8 compiler\pic\sources\c90\common\Umul8.c
		___bmul        		CODE           	1F68	0000	23

D:\MPLAB XC8 compiler\pic\sources\c90\common\Umul8.c estimated size: 23

D:\MPLAB XC8 compiler\pic\sources\c90\common\doprnt.c
		_scale         		CODE           	0A47	0000	699
		_sprintf       		CODE           	0D02	0000	2322
		_fround        		CODE           	0651	0000	425

D:\MPLAB XC8 compiler\pic\sources\c90\common\doprnt.c estimated size: 3446

